// Jest Snapshot v1, https://goo.gl/fbAQLP

exports[`Restaunts renders <SingleRestaurant/> correctly 1`] = `ShallowWrapper {}`;
