// Jest Snapshot v1, https://goo.gl/fbAQLP

exports[`Renders <App /> renders without crashing 1`] = `
"<ContextProvider value={{...}}>
  <Connect(index) />
</ContextProvider>"
`;
